Track Blood — parser regression report
Generated: 2026-08-20T12:01:49.459Z

orange.pdf: coverage 98.7%  error 1.3%  spurious 0
  WRONG     AST/ALT Ratio (expected 1, got 0.96)

tata-1mg.pdf: coverage 97.8%  error 0.0%  spurious 1
  MISSED    LDL/HDL Ratio (expected 2.65)
  SPURIOUS  Calcium (got 12.95)

thyrocare.pdf: coverage 100.0%  error 0.0%  spurious 0

centro-med.pdf: coverage 98.2%  error 0.0%  spurious 0
  MISSED    Neutrophil Lymphocyte Ratio (expected 1.44)

aarthi-scans.pdf: coverage 100.0%  error 0.0%  spurious 0

neuberg-anand.pdf: coverage 100.0%  error 0.0%  spurious 1
  SPURIOUS  Mean Corpuscular Hemoglobin (got 29.2)

innoquest.pdf: coverage 100.0%  error 0.0%  spurious 0

2025-12-full-body.pdf: coverage 100.0%  error 0.0%  spurious 0

metropolis.pdf: coverage 100.0%  error 0.0%  spurious 2
  SPURIOUS  Platelet Large Cell Ratio (got 39.7)
  SPURIOUS  Average Blood Glucose (got 91.9)

thyrocare-arogyam-1.3.pdf: coverage 100.0%  error 0.0%  spurious 0

toxic-nutrient-thyrocare.pdf: coverage 100.0%  error 0.0%  spurious 0

urine-markers.pdf: coverage 100.0%  error 0.0%  spurious 0

vitamins.pdf: coverage 100.0%  error 0.0%  spurious 0

2023_Nov03_Innoquest_Part2.pdf: coverage 86.4%  error 1.9%  spurious 1
  MISSED    LDL Cholesterol (expected 122.9706)
  MISSED    Neutrophils Absolute (expected 3040)
  MISSED    Lymphocytes % (expected 36.8)
  MISSED    Monocytes Absolute (expected 520)
  MISSED    Eosinophils Absolute (expected 600)
  MISSED    Basophils Absolute (expected 70)
  MISSED    Hematocrit (expected 43)
  WRONG     Lymphocytes Absolute (expected 2470, got 7.8)
  SPURIOUS  HDL/LDL Ratio (got 1)

2023_Nov_Innoquest_20231103.pdf: coverage 100.0%  error 0.0%  spurious 0

2024_Dec20_in_red.pdf: coverage 50.0%  error 0.0%  spurious 0
  MISSED    Height (expected 172)
  MISSED    Weight (expected 77)
  MISSED    Waist Circumference (expected 92)
  MISSED    Systolic Blood Pressure (expected 97)
  MISSED    Diastolic Blood Pressure (expected 70)
  MISSED    Body Mass Index (BMI) (expected 25.9)

2024_March_Triglycerides.pdf: coverage 100.0%  error 0.0%  spurious 0

2025_August_MedPlus_Hyd.pdf: coverage 95.3%  error 1.6%  spurious 1
  MISSED    Urine pH (expected 6)
  MISSED    Urine Specific Gravity (expected 1.007)
  WRONG     T4 Total (expected 9.5, got 16)
  SPURIOUS  AST/ALT Ratio (got 1)

innoquest-password-protected.pdf: coverage 50.0%  error 0.0%  spurious 0
  MISSED    Prothrombin Time (expected 10)

quest-diagnostics-US.pdf: coverage 53.8%  error 0.0%  spurious 0
  MISSED    Non-HDL Cholesterol (expected 83)
  MISSED    Height (expected 162.56)
  MISSED    Weight (expected 68.04)
  MISSED    Body Mass Index (BMI) (expected 25.7)
  MISSED    Systolic Blood Pressure (expected 106)
  MISSED    Diastolic Blood Pressure (expected 65)

australia.pdf: coverage 41.7%  error 37.5%  spurious 5
  MISSED    Total Cholesterol (expected 228.15)
  MISSED    Triglycerides (expected 194.85)
  MISSED    HDL Cholesterol (expected 38.67)
  MISSED    LDL Cholesterol (expected 150.81)
  MISSED    Fasting Glucose (expected 91.89)
  MISSED    Immunoglobulin A (expected 236)
  MISSED    Serum Iron (expected 61.44)
  MISSED    Transferrin (expected 246.67)
  WRONG     Cholesterol/HDL Ratio (expected 5.9, got 4.3)
  WRONG     Thyroid Stimulating Hormone (expected 1.7, got 1.5)
  WRONG     Vitamin D (expected 24.8, got 62)
  WRONG     Ferritin (expected 57, got 50)
  WRONG     Transferrin Saturation (expected 18, got 16)
  WRONG     Glycated Hemoglobin (HbA1c) (expected 5.4, got 5.3)
  SPURIOUS  HDL/LDL Ratio (got 5.1)
  SPURIOUS  Immunoglobulin M (got 2.36)
  SPURIOUS  Follicle Stimulating Hormone (FSH) (got 60)
  SPURIOUS  Erythrocyte Sedimentation Rate (got 92)
  SPURIOUS  AST (Aspartate Aminotransferase) (got 20)

─────────────────────────────────────────────────────────────────
TOTAL (21/21 files with fixtures): coverage 94.1%  error 1.4%  spurious 11
